#
# There is insufficient memory for the Java Runtime Environment to continue.
# Native memory allocation (mmap) failed to map 134217728 bytes. Error detail: G1 virtual space
# Possible reasons:
#   The system is out of physical RAM or swap space
#   This process is running with CompressedOops enabled, and the Java Heap may be blocking the growth of the native heap
# Possible solutions:
#   Reduce memory load on the system
#   Increase physical memory or swap space
#   Check if swap backing store is full
#   Decrease Java heap size (-Xmx/-Xms)
#   Decrease number of Java threads
#   Decrease Java thread stack sizes (-Xss)
#   Set larger code cache with -XX:ReservedCodeCacheSize=
#   JVM is running with Unscaled Compressed Oops mode in which the Java heap is
#     placed in the first 4GB address space. The Java Heap base address is the
#     maximum limit for the native heap growth. Please use -XX:HeapBaseMinAddress
#     to set the Java Heap base and to place the Java Heap above 4GB virtual address.
# This output file may be truncated or incomplete.
#
#  Out of Memory Error (os_windows.cpp:3898), pid=8112, tid=18564
#
# JRE version:  (21.0.7+6) (build )
# Java VM: OpenJDK 64-Bit Server VM (21.0.7+6-b1038.58, mixed mode, sharing, tiered, compressed oops, compressed class ptrs, g1 gc, windows-amd64)
# No core dump will be written. Minidumps are not enabled by default on client versions of Windows
#

---------------  S U M M A R Y ------------

Command Line: -Djava.rmi.server.hostname=127.0.0.1 -Duser.timezone=UTC -Xmx2048m -Xms128m -Djdbc.classpath=C:\Users\GABRIE~1\AppData\Local\Temp\RemoteDriver58742.classpath.txt --add-exports=java.desktop/sun.awt=ALL-UNNAMED --add-exports=java.desktop/java.awt.peer=ALL-UNNAMED --add-opens=java.desktop/java.awt=ALL-UNNAMED --add-opens=jdk.unsupported/sun.misc=ALL-UNNAMED --add-opens=java.base/java.nio=ALL-UNNAMED --add-opens=java.base/java.util=ALL-UNNAMED -Dfile.encoding=UTF-8 -Dsun.stdout.encoding=UTF-8 -Dsun.stderr.encoding=UTF-8 com.intellij.database.remote.RemoteJdbcServer org.postgresql.Driver

Host: AMD Ryzen 5 7520U with Radeon Graphics         , 8 cores, 7G,  Windows 11 , 64 bit Build 26100 (10.0.26100.8328)
Time: Thu May 28 17:00:26 2026 Hora estándar oeste, Sudamérica elapsed time: 1.217618 seconds (0d 0h 0m 1s)

---------------  T H R E A D  ---------------

Current thread (0x00000218a13fb5a0):  JavaThread "Unknown thread" [_thread_in_vm, id=18564, stack(0x0000008db9000000,0x0000008db9100000) (1024K)]

Stack: [0x0000008db9000000,0x0000008db9100000]
Native frames: (J=compiled Java code, j=interpreted, Vv=VM code, C=native code)
V  [jvm.dll+0x6e7c19]
V  [jvm.dll+0x8c5f53]
V  [jvm.dll+0x8c84ae]
V  [jvm.dll+0x8c8b93]
V  [jvm.dll+0x2899e6]
V  [jvm.dll+0x6e4455]
V  [jvm.dll+0x6d7f1a]
V  [jvm.dll+0x3640db]
V  [jvm.dll+0x36bca6]
V  [jvm.dll+0x3be046]
V  [jvm.dll+0x3be318]
V  [jvm.dll+0x33681c]
V  [jvm.dll+0x33750b]
V  [jvm.dll+0x88d3b9]
V  [jvm.dll+0x3cb218]
V  [jvm.dll+0x876408]
V  [jvm.dll+0x45ff5e]
V  [jvm.dll+0x461c41]
C  [jli.dll+0x52ab]
C  [ucrtbase.dll+0x37b0]
C  [KERNEL32.DLL+0x2e957]
C  [ntdll.dll+0x427c]


---------------  P R O C E S S  ---------------

Threads class SMR info:
_java_thread_list=0x00007ffe36f0d188, length=0, elements={
}

Java Threads: ( => current thread )
Total: 0

Other Threads:
  0x00000218a14557d0 WorkerThread "GC Thread#0"                     [id=6576, stack(0x0000008db9100000,0x0000008db9200000) (1024K)]
  0x00000218a14a5010 ConcurrentGCThread "G1 Main Marker"            [id=8428, stack(0x0000008db9200000,0x0000008db9300000) (1024K)]
  0x00000218a14a61c0 WorkerThread "G1 Conc#0"                       [id=8888, stack(0x0000008db9300000,0x0000008db9400000) (1024K)]

[error occurred during error reporting (printing all threads), id 0xc0000005, EXCEPTION_ACCESS_VIOLATION (0xc0000005) at pc=0x00007ffe365f98f7]
VM state: not at safepoint (not fully initialized)

VM Mutex/Monitor currently owned by a thread:  ([mutex/lock_event])
[0x00007ffe36f81bc8] Heap_lock - owner thread: 0x00000218a13fb5a0

Heap address: 0x0000000080000000, size: 2048 MB, Compressed Oops mode: 32-bit

CDS archive(s) mapped at: [0x0000000000000000-0x0000000000000000-0x0000000000000000), size 0, SharedBaseAddress: 0x0000000800000000, ArchiveRelocationMode: 1.
Narrow klass base: 0x0000000000000000, Narrow klass shift: 0, Narrow klass range: 0x0

GC Precious Log:
 CardTable entry size: 512
 Card Set container configuration: InlinePtr #cards 5 size 8 Array Of Cards #cards 12 size 40 Howl #buckets 4 coarsen threshold 1843 Howl Bitmap #cards 512 size 80 coarsen threshold 460 Card regions per heap region 1 cards per card region 2048

Heap:
 garbage-first heap   total 0K, used 0K [0x0000000080000000, 0x0000000100000000)
  region size 1024K, 0 young (0K), 0 survivors (0K)
 Metaspace       used 0K, committed 0K, reserved 0K
  class space    used 0K, committed 0K, reserved 0K

Heap Regions: E=young(eden), S=young(survivor), O=old, HS=humongous(starts), HC=humongous(continues), CS=collection set, F=free, TAMS=top-at-mark-start, PB=parsable bottom

Card table byte_map: [0x00000218b4b70000,0x00000218b4f70000] _byte_map_base: 0x00000218b4770000

Marking Bits: (CMBitMap*) 0x00000218a1455de0
 Bits: [0x00000218b4f70000, 0x00000218b6f70000)

GC Heap History (0 events):
No events

Dll operation events (1 events):
Event: 0.020 Loaded shared library C:\Program Files\JetBrains\WebStorm 2025.2\jbr\bin\java.dll

Deoptimization events (0 events):
No events

Classes loaded (0 events):
No events

Classes unloaded (0 events):
No events

Classes redefined (0 events):
No events

Internal exceptions (0 events):
No events

ZGC Phase Switch (0 events):
No events

VM Operations (0 events):
No events

Memory protections (0 events):
No events

Nmethod flushes (0 events):
No events

Events (0 events):
No events


Dynamic libraries:
0x00007ff7ebc10000 - 0x00007ff7ebc1a000 	C:\Program Files\JetBrains\WebStorm 2025.2\jbr\bin\java.exe
0x00007ffee3680000 - 0x00007ffee38e7000 	C:\WINDOWS\SYSTEM32\ntdll.dll
0x00007ffee1e10000 - 0x00007ffee1ed9000 	C:\WINDOWS\System32\KERNEL32.DLL
0x00007ffee00b0000 - 0x00007ffee04a7000 	C:\WINDOWS\System32\KERNELBASE.dll
0x00007ffee11d0000 - 0x00007ffee131b000 	C:\WINDOWS\System32\ucrtbase.dll
0x00007ffedd180000 - 0x00007ffedd19b000 	C:\Program Files\JetBrains\WebStorm 2025.2\jbr\bin\VCRUNTIME140.dll
0x00007ffeb1e50000 - 0x00007ffeb1e68000 	C:\Program Files\JetBrains\WebStorm 2025.2\jbr\bin\jli.dll
0x00007ffee2990000 - 0x00007ffee2b56000 	C:\WINDOWS\System32\USER32.dll
0x00007ffec76f0000 - 0x00007ffec7982000 	C:\WINDOWS\WinSxS\amd64_microsoft.windows.common-controls_6595b64144ccf1df_6.0.26100.8457_none_3e0b2faee331e92d\COMCTL32.dll
0x00007ffee13d0000 - 0x00007ffee13f7000 	C:\WINDOWS\System32\win32u.dll
0x00007ffee2040000 - 0x00007ffee20e9000 	C:\WINDOWS\System32\msvcrt.dll
0x00007ffee2430000 - 0x00007ffee245b000 	C:\WINDOWS\System32\GDI32.dll
0x00007ffee0f20000 - 0x00007ffee104c000 	C:\WINDOWS\System32\gdi32full.dll
0x00007ffee1320000 - 0x00007ffee13c3000 	C:\WINDOWS\System32\msvcp_win.dll
0x00007ffee34b0000 - 0x00007ffee34e2000 	C:\WINDOWS\System32\IMM32.DLL
0x00007ffedd890000 - 0x00007ffedd89c000 	C:\Program Files\JetBrains\WebStorm 2025.2\jbr\bin\vcruntime140_1.dll
0x00007ffeab660000 - 0x00007ffeab6ed000 	C:\Program Files\JetBrains\WebStorm 2025.2\jbr\bin\msvcp140.dll
0x00007ffe362b0000 - 0x00007ffe37074000 	C:\Program Files\JetBrains\WebStorm 2025.2\jbr\bin\server\jvm.dll
0x00007ffee32f0000 - 0x00007ffee33a6000 	C:\WINDOWS\System32\ADVAPI32.dll
0x00007ffee2270000 - 0x00007ffee2317000 	C:\WINDOWS\System32\sechost.dll
0x00007ffee3520000 - 0x00007ffee3638000 	C:\WINDOWS\System32\RPCRT4.dll
0x00007ffee1d80000 - 0x00007ffee1e00000 	C:\WINDOWS\System32\WS2_32.dll
0x00007ffedff10000 - 0x00007ffedff6e000 	C:\WINDOWS\SYSTEM32\POWRPROF.dll
0x00007ffed5090000 - 0x00007ffed50c6000 	C:\WINDOWS\SYSTEM32\WINMM.dll
0x00007ffed1ec0000 - 0x00007ffed1ecb000 	C:\WINDOWS\SYSTEM32\VERSION.dll
0x00007ffedfef0000 - 0x00007ffedff04000 	C:\WINDOWS\SYSTEM32\UMPDC.dll
0x00007ffedee40000 - 0x00007ffedee5b000 	C:\WINDOWS\SYSTEM32\kernel.appcore.dll
0x00007ffedd880000 - 0x00007ffedd88a000 	C:\Program Files\JetBrains\WebStorm 2025.2\jbr\bin\jimage.dll
0x00007ffed2870000 - 0x00007ffed2ab2000 	C:\WINDOWS\SYSTEM32\DBGHELP.DLL
0x00007ffee2e40000 - 0x00007ffee31c3000 	C:\WINDOWS\System32\combase.dll
0x00007ffee2d40000 - 0x00007ffee2e19000 	C:\WINDOWS\System32\OLEAUT32.dll
0x00007ffebfdd0000 - 0x00007ffebfe0b000 	C:\WINDOWS\SYSTEM32\dbgcore.DLL
0x00007ffee0e70000 - 0x00007ffee0f18000 	C:\WINDOWS\System32\bcryptPrimitives.dll
0x00007ffedd160000 - 0x00007ffedd180000 	C:\Program Files\JetBrains\WebStorm 2025.2\jbr\bin\java.dll

dbghelp: loaded successfully - version: 4.0.5 - missing functions: none
symbol engine: initialized successfully - sym options: 0x614 - pdb path: .;C:\Program Files\JetBrains\WebStorm 2025.2\jbr\bin;C:\WINDOWS\SYSTEM32;C:\WINDOWS\WinSxS\amd64_microsoft.windows.common-controls_6595b64144ccf1df_6.0.26100.8457_none_3e0b2faee331e92d;C:\Program Files\JetBrains\WebStorm 2025.2\jbr\bin\server

VM Arguments:
jvm_args: -Djava.rmi.server.hostname=127.0.0.1 -Duser.timezone=UTC -Xmx2048m -Xms128m -Djdbc.classpath=C:\Users\GABRIE~1\AppData\Local\Temp\RemoteDriver58742.classpath.txt --add-exports=java.desktop/sun.awt=ALL-UNNAMED --add-exports=java.desktop/java.awt.peer=ALL-UNNAMED --add-opens=java.desktop/java.awt=ALL-UNNAMED --add-opens=jdk.unsupported/sun.misc=ALL-UNNAMED --add-opens=java.base/java.nio=ALL-UNNAMED --add-opens=java.base/java.util=ALL-UNNAMED -Dfile.encoding=UTF-8 -Dsun.stdout.encoding=UTF-8 -Dsun.stderr.encoding=UTF-8 
java_command: com.intellij.database.remote.RemoteJdbcServer org.postgresql.Driver
java_class_path (initial): C:\Program Files\JetBrains\WebStorm 2025.2\lib\util_rt.jar;C:\Program Files\JetBrains\WebStorm 2025.2\lib\util-8.jar;C:\Program Files\JetBrains\WebStorm 2025.2\lib\groovy.jar;C:\Program Files\JetBrains\WebStorm 2025.2\plugins\DatabaseTools\lib\jdbc-console.jar;C:\Program Files\JetBrains\WebStorm 2025.2\lib\modules\intellij.grid.types.jar;C:\Program Files\JetBrains\WebStorm 2025.2\lib\util.jar;C:\Program Files\JetBrains\WebStorm 2025.2\lib\bouncy-castle.jar
Launcher Type: SUN_STANDARD

[Global flags]
     intx CICompilerCount                          = 4                                         {product} {ergonomic}
     uint ConcGCThreads                            = 2                                         {product} {ergonomic}
     uint G1ConcRefinementThreads                  = 8                                         {product} {ergonomic}
   size_t G1HeapRegionSize                         = 1048576                                   {product} {ergonomic}
    uintx GCDrainStackTargetSize                   = 64                                        {product} {ergonomic}
   size_t InitialHeapSize                          = 134217728                                 {product} {command line}
   size_t MarkStackSize                            = 4194304                                   {product} {ergonomic}
   size_t MaxHeapSize                              = 2147483648                                {product} {command line}
   size_t MinHeapDeltaBytes                        = 1048576                                   {product} {ergonomic}
   size_t MinHeapSize                              = 134217728                                 {product} {command line}
    uintx NonNMethodCodeHeapSize                   = 5839372                                {pd product} {ergonomic}
    uintx NonProfiledCodeHeapSize                  = 122909434                              {pd product} {ergonomic}
    uintx ProfiledCodeHeapSize                     = 122909434                              {pd product} {ergonomic}
    uintx ReservedCodeCacheSize                    = 251658240                              {pd product} {ergonomic}
     bool SegmentedCodeCache                       = true                                      {product} {ergonomic}
   size_t SoftMaxHeapSize                          = 2147483648                             {manageable} {ergonomic}
     bool UseCompressedOops                        = true                           {product lp64_product} {ergonomic}
     bool UseG1GC                                  = true                                      {product} {ergonomic}
     bool UseLargePagesIndividualAllocation        = false                                  {pd product} {ergonomic}

Logging:
Log output configuration:
 #0: stdout all=warning uptime,level,tags foldmultilines=false
 #1: stderr all=off uptime,level,tags foldmultilines=false

Environment Variables:
JAVA_HOME=C:\Program Files\Java\jdk-17
PATH=C:\Python313\Scripts\;C:\Python313\;C:\Program Files\Common Files\Oracle\Java\javapath;C:\windows\system32;C:\windows;C:\windows\System32\Wbem;C:\windows\System32\WindowsPowerShell\v1.0\;C:\windows\System32\OpenSSH\;C:\Workspace\apache-maven-3.9.9-bin.zip\apache-maven-3.9.9\bin;c:\Users\GABRIEL CR\AppData\Local\Programs\cursor\resources\app\bin;C:\Program Files\Git\cmd;C:\Program Files\nodejs\;C:\ProgramData\chocolatey\bin;C:\xampp\php;C:\ProgramData\ComposerSetup\bin;C:\Program Files (x86)\Microsoft SQL Server\160\Tools\Binn\;C:\Program Files\Microsoft SQL Server\160\Tools\Binn\;C:\Program Files\Microsoft SQL Server\Client SDK\ODBC\170\Tools\Binn\;C:\Program Files\Microsoft SQL Server\160\DTS\Binn\;C:\WINDOWS\system32;C:\WINDOWS;C:\WINDOWS\System32\Wbem;C:\WINDOWS\System32\WindowsPowerShell\v1.0\;C:\WINDOWS\System32\OpenSSH\;C:\Program Files (x86)\Windows Kits\10\Windows Performance Toolkit\;C:\Program Files\dotnet\;C:\Program Files\Docker\Docker\resources\bin;C:\Program Files\MySQL\MySQL Shell 8.0\bin\;C:\Users\GABRIEL CR\AppData\Local\Microsoft\WindowsApps;C:\Users\GABRIEL CR\AppData\Local\Programs\Microsoft VS Code\bin;C:\Users\GABRIEL CR\AppData\Roaming\npm;C:\xampp;C:\Users\GABRIEL CR\AppData\Roaming\Composer\vendor\bin;C:\Program Files\JetBrains\WebStorm 2025.2\bin;C:\Users\GABRIEL CR\.local\bin;
USERNAME=GABRIEL CR
OS=Windows_NT
PROCESSOR_IDENTIFIER=AMD64 Family 23 Model 160 Stepping 0, AuthenticAMD
TMP=C:\Users\GABRIE~1\AppData\Local\Temp
TEMP=C:\Users\GABRIE~1\AppData\Local\Temp




Periodic native trim disabled

JNI global refs:
JNI global refs: 0, weak refs: 0

JNI global refs memory usage: 0, weak refs: 0

Process memory usage:
Resident Set Size: 12768K (0% of 7596528K total physical memory with 919864K free physical memory)

OOME stack traces (most recent first):
Classloader memory used:

---------------  S Y S T E M  ---------------

OS:
 Windows 11 , 64 bit Build 26100 (10.0.26100.8328)
OS uptime: 0 days 1:48 hours
Hyper-V role detected

CPU: total 8 (initial active 8) (8 cores per cpu, 2 threads per core) family 23 model 160 stepping 0 microcode 0x8a0000b, cx8, cmov, fxsr, ht, mmx, 3dnowpref, sse, sse2, sse3, ssse3, sse4a, sse4.1, sse4.2, popcnt, lzcnt, tsc, tscinvbit, avx, avx2, aes, clmul, bmi1, bmi2, adx, sha, fma, vzeroupper, clflush, clflushopt, hv, rdtscp, rdpid, f16c
Processor Information for the first 8 processors :
  Max Mhz: 2801, Current Mhz: 2801, Mhz Limit: 2801

Memory: 4k page, system-wide physical 7418M (898M free)
TotalPageFile size 29946M (AvailPageFile size 87M)
current process WorkingSet (physical memory assigned to process): 12M, peak: 12M
current process commit charge ("private bytes"): 60M, peak: 188M

vm_info: OpenJDK 64-Bit Server VM (21.0.7+6-b1038.58) for windows-amd64 JRE (21.0.7+6-b1038.58), built on 2025-07-07 by "builduser" with MS VC++ 16.10 / 16.11 (VS2019)

END.
